// Jest Snapshot v1, https://goo.gl/fbAQLP

exports[`<Nav /> renders a minimal nav when signed out 1`] = `
<ul
  className="NavStyles-sc-11c0d2g-0 bLGDDS"
  data-test="nav"
>
  <Link
    href="/items"
  >
    <a
      href="/items"
      onClick={[Function]}
    >
      Shop
    </a>
  </Link>
  <Link
    href="/signup"
  >
    <a
      href="/signup"
      onClick={[Function]}
    >
      Sign In
    </a>
  </Link>
</ul>
`;

exports[`<Nav /> renders the full nav when signed in 1`] = `
Array [
  <Link
    href="/items"
  >
    <a
      href="/items"
      onClick={[Function]}
    >
      Shop
    </a>
  </Link>,
  <Link
    href="/sell"
  >
    <a
      href="/sell"
      onClick={[Function]}
    >
      Sell
    </a>
  </Link>,
  <Link
    href="/orders"
  >
    <a
      href="/orders"
      onClick={[Function]}
    >
      Orders
    </a>
  </Link>,
  <Link
    href="/me"
  >
    <a
      href="/me"
      onClick={[Function]}
    >
      Account
    </a>
  </Link>,
]
`;
